[2026-06-07 18:17:40] [SYSTEM] KassaApp opgestart.
[2026-06-07 18:17:40] [SYSTEM] 5 producten ingeladen.
[2026-06-07 18:17:40] [KASSA] NIEUW TICKET 2026.06.07.18.17.40.098
[2026-06-07 18:17:40] [KASSA] SCAN 1x Appels (1kg) (123456) op ticket 2026.06.07.18.17.40.129
[2026-06-07 18:17:42] [KASSA] BETALING ticket 2026.06.07.18.17.40.129: €2,50 (Visa)
[2026-06-07 18:17:42] [SYSTEM] Ticket opgeslagen: kassaticket-2026.06.07.18.17.40.129.txt
[2026-06-07 18:20:59] [SYSTEM] KassaApp opgestart.
[2026-06-07 18:20:59] [SYSTEM] 5 producten ingeladen.
[2026-06-07 18:20:59] [KASSA] NIEUW TICKET 2026.06.07.18.20.59.572
[2026-06-07 18:20:59] [KASSA] SCAN 1x Appels (1kg) (123456) op ticket 2026.06.07.18.20.59.601
[2026-06-07 18:21:01] [KASSA] BETALING ticket 2026.06.07.18.20.59.601: €2,50 (Visa)
[2026-06-07 18:21:01] [SYSTEM] Ticket opgeslagen: kassaticket-2026.06.07.18.20.59.601.txt
[2026-06-07 18:21:33] [SYSTEM] KassaApp opgestart.
[2026-06-07 18:21:33] [SYSTEM] 5 producten ingeladen.
[2026-06-07 18:21:33] [KASSA] NIEUW TICKET 2026.06.07.18.21.33.081
[2026-06-07 18:21:33] [KASSA] SCAN 1x Appels (1kg) (123456) op ticket 2026.06.07.18.21.33.094
[2026-06-07 18:21:33] [KASSA] SCAN 2x Appels (1kg) (123456) op ticket 2026.06.07.18.21.33.103
[2026-06-07 18:21:35] [KASSA] BETALING ticket 2026.06.07.18.21.33.103: €5,00 (Mastercard)
[2026-06-07 18:21:35] [SYSTEM] Ticket opgeslagen: kassaticket-2026.06.07.18.21.33.103.txt
[2026-06-07 18:24:29] [SYSTEM] KassaApp opgestart.
[2026-06-07 18:24:29] [SYSTEM] 5 producten ingeladen.
[2026-06-07 18:24:29] [KASSA] NIEUW TICKET 2026.06.07.18.24.29.455
[2026-06-07 18:24:29] [KASSA] SCAN 1x Appels (1kg) (123456) op ticket 2026.06.07.18.24.29.469
[2026-06-07 18:24:29] [KASSA] SCAN 2x Appels (1kg) (123456) op ticket 2026.06.07.18.24.29.480
[2026-06-07 18:25:20] [SYSTEM] KassaApp opgestart.
[2026-06-07 18:25:20] [SYSTEM] 5 producten ingeladen.
[2026-06-07 18:25:20] [KASSA] NIEUW TICKET 2026.06.07.18.25.20.286
[2026-06-07 18:25:20] [KASSA] SCAN 1x Appels (1kg) (123456) op ticket 2026.06.07.18.25.20.298
[2026-06-07 18:25:23] [KASSA] BETALING ticket 2026.06.07.18.25.20.298: €2,50 (Visa)
[2026-06-07 18:25:23] [SYSTEM] Ticket opgeslagen: kassaticket-2026.06.07.18.25.20.298.txt
[2026-06-07 18:26:13] [SYSTEM] KassaApp opgestart.
[2026-06-07 18:26:13] [SYSTEM] 5 producten ingeladen.
[2026-06-07 18:26:13] [KASSA] NIEUW TICKET 2026.06.07.18.26.13.490
[2026-06-07 18:26:13] [KASSA] SCAN 1x Appels (1kg) (123456) op ticket 2026.06.07.18.26.13.502
[2026-06-07 18:26:13] [KASSA] SCAN 2x Appels (1kg) (123456) op ticket 2026.06.07.18.26.13.511
[2026-06-07 18:26:15] [KASSA] BETALING ticket 2026.06.07.18.26.13.511: €5,00 (Mastercard)
[2026-06-07 18:26:15] [SYSTEM] Ticket opgeslagen: kassaticket-2026.06.07.18.26.13.511.txt
[2026-06-07 18:30:31] [SYSTEM] KassaApp opgestart.
[2026-06-07 18:30:31] [SYSTEM] 5 producten ingeladen.
[2026-06-07 18:30:31] [KASSA] NIEUW TICKET 2026.06.07.18.30.31.811
[2026-06-07 18:30:31] [KASSA] SCAN 1x Kaas (500g) (456789) op ticket 2026.06.07.18.30.31.824
[2026-06-07 18:30:31] [KASSA] SCAN 3x Kaas (500g) (456789) op ticket 2026.06.07.18.30.31.833
